// Jest Snapshot v1, https://goo.gl/fbAQLP

exports[`Create topic requires authorizations 1`] = `
Array [
  Object {
    "extensions": Object {
      "code": "UNAUTHENTICATED",
    },
    "locations": Array [
      Object {
        "column": 3,
        "line": 2,
      },
    ],
    "message": "Not authenticated",
    "path": Array [
      "createTopic",
    ],
  },
]
`;
